PHPUnit 11.5.0 by Sebastian Bergmann and contributors.

Runtime:       PHP 8.2.12 with Xdebug 3.4.7
Configuration: C:\baru xampp\htdocs\happy\happyippieecake.github.io\phpunit.xml

........................                                          24 / 24 (100%)

Time: 00:03.595, Memory: 14.00 MB

OK (24 tests, 67 assertions)

Generating code coverage report in HTML format ... done [00:02.904]
